Archive member included to satisfy reference by file (symbol)

c:/sysgcc/arm-eabi/bin/../lib/gcc/arm-eabi/7.2.0/thumb/cortex_m3\libgcc.a(_aeabi_ldivmod.o)
                              hwlib.o (__aeabi_ldivmod)
c:/sysgcc/arm-eabi/bin/../lib/gcc/arm-eabi/7.2.0/thumb/cortex_m3\libgcc.a(_aeabi_uldivmod.o)
                              hwlib.o (__aeabi_uldivmod)
c:/sysgcc/arm-eabi/bin/../lib/gcc/arm-eabi/7.2.0/thumb/cortex_m3\libgcc.a(_udivmoddi4.o)
                              c:/sysgcc/arm-eabi/bin/../lib/gcc/arm-eabi/7.2.0/thumb/cortex_m3\libgcc.a(_aeabi_ldivmod.o) (__udivmoddi4)
c:/sysgcc/arm-eabi/bin/../lib/gcc/arm-eabi/7.2.0/thumb/cortex_m3\libgcc.a(_dvmd_tls.o)
                              c:/sysgcc/arm-eabi/bin/../lib/gcc/arm-eabi/7.2.0/thumb/cortex_m3\libgcc.a(_aeabi_ldivmod.o) (__aeabi_ldiv0)

Allocating common symbols
Common symbol       size              file

__dso_handle        0x4               bmptk_cortex.o

Discarded input sections

 .group         0x00000000        0x8 irlib.o
 .text          0x00000000        0x0 irlib.o
 .data          0x00000000        0x0 irlib.o
 .bss           0x00000000        0x0 irlib.o
 .text._ZN3due11ad_pin_infoENS_7ad_pinsE
                0x00000000       0x1c irlib.o
 .text._ZN3due11ad_seq_infoEm
                0x00000000       0x20 irlib.o
 .text._ZN5hwlib19uart_char_availableEv
                0x00000000        0x4 irlib.o
 .text._ZN5hwlib9uart_getcEv
                0x00000000        0x4 irlib.o
 .rodata._ZZN3due11ad_pin_infoENS_7ad_pinsEE17ad_pin_info_array
                0x00000000        0xc irlib.o
 .rodata._ZZN3due11ad_seq_infoEmE12ad_seq_array
                0x00000000       0x70 irlib.o
 .group         0x00000000        0x8 hwlib.o
 .group         0x00000000        0x8 hwlib.o
 .group         0x00000000        0x8 hwlib.o
 .group         0x00000000        0x8 hwlib.o
 .group         0x00000000        0x8 hwlib.o
 .group         0x00000000        0x8 hwlib.o
 .group         0x00000000        0x8 hwlib.o
 .group         0x00000000        0x8 hwlib.o
 .group         0x00000000        0x8 hwlib.o
 .group         0x00000000        0x8 hwlib.o
 .group         0x00000000        0x8 hwlib.o
 .group         0x00000000        0x8 hwlib.o
 .group         0x00000000        0x8 hwlib.o
 .group         0x00000000        0x8 hwlib.o
 .group         0x00000000        0x8 hwlib.o
 .group         0x00000000        0x8 hwlib.o
 .group         0x00000000        0x8 hwlib.o
 .group         0x00000000        0x8 hwlib.o
 .group         0x00000000        0x8 hwlib.o
 .group         0x00000000        0x8 hwlib.o
 .group         0x00000000        0x8 hwlib.o
 .group         0x00000000        0x8 hwlib.o
 .group         0x00000000        0x8 hwlib.o
 .group         0x00000000        0x8 hwlib.o
 .group         0x00000000        0x8 hwlib.o
 .group         0x00000000        0x8 hwlib.o
 .group         0x00000000        0x8 hwlib.o
 .group         0x00000000        0x8 hwlib.o
 .group         0x00000000        0x8 hwlib.o
 .group         0x00000000        0x8 hwlib.o
 .group         0x00000000        0x8 hwlib.o
 .group         0x00000000        0x8 hwlib.o
 .group         0x00000000        0x8 hwlib.o
 .group         0x00000000        0x8 hwlib.o
 .group         0x00000000        0x8 hwlib.o
 .group         0x00000000        0x8 hwlib.o
 .text          0x00000000        0x0 hwlib.o
 .data          0x00000000        0x0 hwlib.o
 .bss           0x00000000        0x0 hwlib.o
 .text._ZN5hwlib10pin_in_out7refreshEv
                0x00000000        0x2 hwlib.o
 .text._ZN5hwlib10pin_in_out5flushEv
                0x00000000        0x2 hwlib.o
 .text._ZN5hwlib6pin_oc7refreshEv
                0x00000000        0x2 hwlib.o
 .text._ZN5hwlib6pin_oc5flushEv
                0x00000000        0x2 hwlib.o
 .text._ZN5hwlib7istream11getc_nowaitEv
                0x00000000       0x1a hwlib.o
 .text._ZN5hwlib23_pin_in_out_dummy_class3setEbNS_9bufferingE
                0x00000000        0x2 hwlib.o
 .text._ZN5hwlib23_pin_in_out_dummy_class3getENS_9bufferingE
                0x00000000        0x4 hwlib.o
 .text._ZN5hwlib23_pin_in_out_dummy_class19direction_set_inputEv
                0x00000000        0x2 hwlib.o
 .text._ZN5hwlib23_pin_in_out_dummy_class20direction_set_outputEv
                0x00000000        0x2 hwlib.o
 .text._ZN5hwlib19_pin_in_dummy_class3getENS_9bufferingE
                0x00000000        0x4 hwlib.o
 .text._ZN5hwlib20_pin_out_dummy_class3setEbNS_9bufferingE
                0x00000000        0x2 hwlib.o
 .text._ZN5hwlib19_pin_oc_dummy_class3setEbNS_9bufferingE
                0x00000000        0x2 hwlib.o
 .text._ZN5hwlib19_pin_oc_dummy_class3getENS_9bufferingE
                0x00000000        0x4 hwlib.o
 .text._ZNK5hwlib9image_8x818get_implementationENS_8locationE
                0x00000000       0x44 hwlib.o
 .text._ZN5hwliblsERNS_7ostreamEx
                0x00000000      0x102 hwlib.o
 .text._ZN5hwliblsERNS_7ostreamENS_8locationE
                0x00000000       0x3c hwlib.o
 .text._ZN5hwlib6window5writeENS_8locationENS_5colorENS_9bufferingE
                0x00000000       0x34 hwlib.o
 .text._ZN5hwlib4line4drawERNS_6windowENS_9bufferingE
                0x00000000       0xa8 hwlib.o
 .text._ZN5hwlib6circle4drawERNS_6windowENS_9bufferingE
                0x00000000      0x314 hwlib.o
 .text._ZN5hwlib4randEv
                0x00000000       0x20 hwlib.o
 .text._ZN5hwlib15random_in_rangeEjj
                0x00000000       0x1a hwlib.o
 .text._ZN6sam3xa10SystemInitEv
                0x00000000       0x7c hwlib.o
 .text._ZN3due8pin_infoENS_4pinsE
                0x00000000       0x20 hwlib.o
 .text._ZN3due11ad_pin_infoENS_7ad_pinsE
                0x00000000       0x1c hwlib.o
 .text._ZN3due11ad_seq_infoEm
                0x00000000       0x20 hwlib.o
 .text._ZN3due14port_registersEm
                0x00000000       0x48 hwlib.o
 .text._ZN3due12ticks_per_usEv
                0x00000000        0x6 hwlib.o
 .text._ZN3due9now_ticksEv
                0x00000000       0x74 hwlib.o
 .text._ZN3due19uart_char_availableEv
                0x00000000       0x18 hwlib.o
 .text._ZN3due9uart_getcEv
                0x00000000       0x18 hwlib.o
 .text._ZN5hwlib9uart_putcEc
                0x00000000        0x4 hwlib.o
 .text._ZN5hwlib19uart_char_availableEv
                0x00000000        0x4 hwlib.o
 .text._ZN5hwlib19cin_using_uart_getc14char_availableEv
                0x00000000        0x8 hwlib.o
 .text._ZN5hwlib9uart_getcEv
                0x00000000        0x4 hwlib.o
 .text._ZN5hwlib19cin_using_uart_getc4getcEv
                0x00000000        0x8 hwlib.o
 .text._ZN5hwlib9now_ticksEv
                0x00000000        0x8 hwlib.o
 .text._ZN5hwlib12ticks_per_usEv
                0x00000000        0x8 hwlib.o
 .text._ZN5hwlib24uart_getc_bit_banged_pinERNS_6pin_inE
                0x00000000       0x76 hwlib.o
 .text._ZN5hwlib24uart_putc_bit_banged_pinEcRNS_7pin_outE
                0x00000000       0x66 hwlib.o
 .text._ZN5hwlib5blinkERNS_7pin_outEj
                0x00000000       0x2c hwlib.o
 .text._ZN5hwlib4kittERNS_11port_in_outEj
                0x00000000       0x58 hwlib.o
 .text._ZN5hwlib4kittERNS_8port_outEj
                0x00000000       0x52 hwlib.o
 .text._ZN5hwlib4kittERNS_7port_ocEj
                0x00000000       0x52 hwlib.o
 .text._ZN5hwlib21graphics_random_linesERNS_6windowEj
                0x00000000       0xfc hwlib.o
 .text._ZN5hwlib23graphics_random_circlesERNS_6windowEj
                0x00000000       0x7c hwlib.o
 .text._ZN5hwlib12dac_triangleERNS_3dacEj
                0x00000000       0x36 hwlib.o
 .rodata._ZTVN5hwlib19cin_using_uart_getcE
                0x00000000       0x14 hwlib.o
 .rodata._ZTVN5hwlib23_pin_in_out_dummy_classE
                0x00000000       0x20 hwlib.o
 .rodata._ZTVN5hwlib19_pin_in_dummy_classE
                0x00000000       0x10 hwlib.o
 .rodata._ZTVN5hwlib20_pin_out_dummy_classE
                0x00000000       0x10 hwlib.o
 .rodata._ZTVN5hwlib19_pin_oc_dummy_classE
                0x00000000       0x18 hwlib.o
 .rodata._ZTVN5hwlib9image_8x8E
                0x00000000        0xc hwlib.o
 .rodata._ZTVN5hwlib4lineE
                0x00000000        0xc hwlib.o
 .rodata._ZTVN5hwlib6circleE
                0x00000000        0xc hwlib.o
 .bss._ZZN3due9now_ticksEvE4high
                0x00000000        0x8 hwlib.o
 .bss._ZZN3due9now_ticksEvE8last_low
                0x00000000        0x4 hwlib.o
 .bss._ZZN3due9now_ticksEvE9init_done
                0x00000000        0x1 hwlib.o
 .bss._ZZN5hwlib4randEvE1n
                0x00000000        0x4 hwlib.o
 .data._ZN5hwlib12pin_in_dummyE
                0x00000000        0x4 hwlib.o
 .data._ZN5hwlib12pin_oc_dummyE
                0x00000000        0x4 hwlib.o
 .data._ZN5hwlib13pin_out_dummyE
                0x00000000        0x4 hwlib.o
 .data._ZN5hwlib15font_16x16_dataE
                0x00000000      0xbe4 hwlib.o
 .data._ZN5hwlib16pin_in_out_dummyE
                0x00000000        0x4 hwlib.o
 .data._ZN5hwlib3cinE
                0x00000000        0x4 hwlib.o
 .data._ZN6sam3xa15SystemCoreClockE
                0x00000000        0x4 hwlib.o
 .rodata._ZN3due8pin_infoENS_4pinsE.str1.1
                0x00000000       0x33 hwlib.o
 .rodata._ZN5hwlib16font_default_8x86imagesE
                0x00000000      0xa00 hwlib.o
 .rodata._ZN5hwlibL5blackE
                0x00000000        0x4 hwlib.o
 .rodata._ZN5hwlibL5whiteE
                0x00000000        0x4 hwlib.o
 .rodata._ZN5hwliblsERNS_7ostreamENS_8locationE.str1.1
                0x00000000        0x6 hwlib.o
 .rodata._ZZN3due11ad_pin_infoENS_7ad_pinsEE17ad_pin_info_array
                0x00000000        0xc hwlib.o
 .rodata._ZZN3due11ad_seq_infoEmE12ad_seq_array
                0x00000000       0x70 hwlib.o
 .rodata._ZZN3due8pin_infoENS_4pinsEE14pin_info_array
                0x00000000       0xa4 hwlib.o
 .group         0x00000000        0x8 main.o
 .group         0x00000000        0x8 main.o
 .group         0x00000000        0x8 main.o
 .group         0x00000000        0x8 main.o
 .group         0x00000000        0x8 main.o
 .group         0x00000000        0x8 main.o
 .group         0x00000000        0x8 main.o
 .group         0x00000000        0x8 main.o
 .group         0x00000000        0x8 main.o
 .group         0x00000000        0x8 main.o
 .group         0x00000000        0x8 main.o
 .group         0x00000000        0x8 main.o
 .group         0x00000000        0x8 main.o
 .group         0x00000000        0x8 main.o
 .group         0x00000000        0x8 main.o
 .group         0x00000000        0x8 main.o
 .group         0x00000000        0x8 main.o
 .group         0x00000000        0x8 main.o
 .group         0x00000000        0x8 main.o
 .group         0x00000000        0x8 main.o
 .text          0x00000000        0x0 main.o
 .data          0x00000000        0x0 main.o
 .bss           0x00000000        0x0 main.o
 .text._ZN5hwlib6pin_in7refreshEv
                0x00000000        0x2 main.o
 .text._ZN5hwlib7pin_out5flushEv
                0x00000000        0x2 main.o
 .text._ZN5irlib14irlib_transmit10pulse_nullEv.isra.15
                0x00000000       0x34 main.o
 .text._ZN5irlib14irlib_transmit9pulse_oneEv.isra.16
                0x00000000       0x2c main.o
 .text._ZN5hwlib7ostream6fillerEi
                0x00000000       0x1a main.o
 .text._ZN5hwliblsERNS_7ostreamEPKc
                0x00000000       0x54 main.o
 .text._ZN6sam3xa10SystemInitEv
                0x00000000       0x7c main.o
 .text._ZN3due8pin_infoENS_4pinsE
                0x00000000       0x20 main.o
 .text._ZN3due11ad_pin_infoENS_7ad_pinsE
                0x00000000       0x1c main.o
 .text._ZN3due11ad_seq_infoEm
                0x00000000       0x20 main.o
 .text._ZN3due14port_registersEm
                0x00000000       0x48 main.o
 .text._ZN3due12ticks_per_usEv
                0x00000000        0x6 main.o
 .text._ZN3due9now_ticksEv
                0x00000000       0x74 main.o
 .text._ZN5hwlib9uart_putcEc
                0x00000000        0x4 main.o
 .text._ZN5hwlib19uart_char_availableEv
                0x00000000        0x4 main.o
 .text._ZN5hwlib9uart_getcEv
                0x00000000        0x4 main.o
 .text._Z10catch_headRN5hwlib6pin_inERNS_7pin_outE
                0x00000000      0x10a main.o
 .text._Z8transmitRN5irlib14irlib_transmitERN3due6pin_inE
                0x00000000       0xe0 main.o
 .bss._ZZN3due9now_ticksEvE4high
                0x00000000        0x8 main.o
 .bss._ZZN3due9now_ticksEvE8last_low
                0x00000000        0x4 main.o
 .bss._ZZN3due9now_ticksEvE9init_done
                0x00000000        0x1 main.o
 .data._ZN6sam3xa15SystemCoreClockE
                0x00000000        0x4 main.o
 .rodata._ZN3due8pin_infoENS_4pinsE.str1.1
                0x00000000       0x33 main.o
 .rodata._ZZN3due11ad_pin_infoENS_7ad_pinsEE17ad_pin_info_array
                0x00000000        0xc main.o
 .rodata._ZZN3due11ad_seq_infoEmE12ad_seq_array
                0x00000000       0x70 main.o
 .rodata._ZZN3due8pin_infoENS_4pinsEE14pin_info_array
                0x00000000       0xa4 main.o
 .text          0x00000000        0x0 bmptk_cortex.o
 .data          0x00000000        0x0 bmptk_cortex.o
 .bss           0x00000000        0x0 bmptk_cortex.o
 .text.__aeabi_idiv0
                0x00000000        0x4 bmptk_cortex.o
 .text.__cxa_pure_virtual
                0x00000000        0x2 bmptk_cortex.o
 COMMON         0x00000000        0x4 bmptk_cortex.o
 .text          0x00000000        0x0 bmptk_heap_none.o
 .data          0x00000000        0x0 bmptk_heap_none.o
 .bss           0x00000000        0x0 bmptk_heap_none.o
 .text.malloc   0x00000000        0xa bmptk_heap_none.o
 .text.free     0x00000000        0x4 bmptk_heap_none.o
 .comment       0x00000000       0x12 bmptk_heap_none.o
 .text          0x00000000        0x0 bmptk_fixed_size_stack.o
 .data          0x00000000        0x0 bmptk_fixed_size_stack.o
 .bss           0x00000000        0x0 bmptk_fixed_size_stack.o
 .text          0x00000000       0xa0 c:/sysgcc/arm-eabi/bin/../lib/gcc/arm-eabi/7.2.0/thumb/cortex_m3\libgcc.a(_aeabi_ldivmod.o)
 .data          0x00000000        0x0 c:/sysgcc/arm-eabi/bin/../lib/gcc/arm-eabi/7.2.0/thumb/cortex_m3\libgcc.a(_aeabi_ldivmod.o)
 .bss           0x00000000        0x0 c:/sysgcc/arm-eabi/bin/../lib/gcc/arm-eabi/7.2.0/thumb/cortex_m3\libgcc.a(_aeabi_ldivmod.o)
 .debug_line    0x00000000       0x85 c:/sysgcc/arm-eabi/bin/../lib/gcc/arm-eabi/7.2.0/thumb/cortex_m3\libgcc.a(_aeabi_ldivmod.o)
 .debug_info    0x00000000       0x26 c:/sysgcc/arm-eabi/bin/../lib/gcc/arm-eabi/7.2.0/thumb/cortex_m3\libgcc.a(_aeabi_ldivmod.o)
 .debug_abbrev  0x00000000       0x14 c:/sysgcc/arm-eabi/bin/../lib/gcc/arm-eabi/7.2.0/thumb/cortex_m3\libgcc.a(_aeabi_ldivmod.o)
 .debug_aranges
                0x00000000       0x20 c:/sysgcc/arm-eabi/bin/../lib/gcc/arm-eabi/7.2.0/thumb/cortex_m3\libgcc.a(_aeabi_ldivmod.o)
 .debug_str     0x00000000       0xb6 c:/sysgcc/arm-eabi/bin/../lib/gcc/arm-eabi/7.2.0/thumb/cortex_m3\libgcc.a(_aeabi_ldivmod.o)
 .debug_frame   0x00000000       0x44 c:/sysgcc/arm-eabi/bin/../lib/gcc/arm-eabi/7.2.0/thumb/cortex_m3\libgcc.a(_aeabi_ldivmod.o)
 .data          0x00000000        0x0 c:/sysgcc/arm-eabi/bin/../lib/gcc/arm-eabi/7.2.0/thumb/cortex_m3\libgcc.a(_aeabi_uldivmod.o)
 .bss           0x00000000        0x0 c:/sysgcc/arm-eabi/bin/../lib/gcc/arm-eabi/7.2.0/thumb/cortex_m3\libgcc.a(_aeabi_uldivmod.o)
 .data          0x00000000        0x0 c:/sysgcc/arm-eabi/bin/../lib/gcc/arm-eabi/7.2.0/thumb/cortex_m3\libgcc.a(_udivmoddi4.o)
 .bss           0x00000000        0x0 c:/sysgcc/arm-eabi/bin/../lib/gcc/arm-eabi/7.2.0/thumb/cortex_m3\libgcc.a(_udivmoddi4.o)
 .ARM.extab     0x00000000        0x0 c:/sysgcc/arm-eabi/bin/../lib/gcc/arm-eabi/7.2.0/thumb/cortex_m3\libgcc.a(_udivmoddi4.o)
 .data          0x00000000        0x0 c:/sysgcc/arm-eabi/bin/../lib/gcc/arm-eabi/7.2.0/thumb/cortex_m3\libgcc.a(_dvmd_tls.o)
 .bss           0x00000000        0x0 c:/sysgcc/arm-eabi/bin/../lib/gcc/arm-eabi/7.2.0/thumb/cortex_m3\libgcc.a(_dvmd_tls.o)

Memory Configuration

Name             Origin             Length             Attributes
rom              0x00000000         0x00080000         xr
ram              0x20000000         0x00018000         xrw
nul              0x20018000         0x00000000         xrw
*default*        0x00000000         0xffffffff

Linker script and memory map

LOAD c:/sysgcc/arm-eabi/bin/../lib/gcc/arm-eabi/7.2.0/thumb/cortex_m3\libgcc.a
LOAD irlib.o
LOAD hwlib.o
LOAD main.o
LOAD bmptk_cortex.o
LOAD bmptk_heap_none.o
LOAD bmptk_fixed_size_stack.o
LOAD c:/sysgcc/arm-eabi/bin/../lib/gcc/arm-eabi/7.2.0/../../../../arm-eabi/lib/thumb/cortex_m3\libm.a
LOAD c:/sysgcc/arm-eabi/bin/../lib/gcc/arm-eabi/7.2.0/thumb/cortex_m3\libgcc.a
LOAD c:/sysgcc/arm-eabi/bin/../lib/gcc/arm-eabi/7.2.0/../../../../arm-eabi/lib/thumb/cortex_m3\libc.a
                0x00000000                __rom_start = ORIGIN (rom)
                0x00080000                __rom_size = LENGTH (rom)
                0x00080000                __rom_end = (__rom_start + __rom_size)
                0x20000000                __ram_start = ORIGIN (ram)
                0x00018000                __ram_size = LENGTH (ram)
                0x20018000                __ram_end = (__ram_start + __ram_size)
                [!provide]                PROVIDE (__rom_start, __rom_start)
                [!provide]                PROVIDE (__rom_size, __rom_size)
                [!provide]                PROVIDE (__rom_end, __rom_end)
                [!provide]                PROVIDE (__ram_start, __ram_start)
                [!provide]                PROVIDE (__ram_size, __ram_size)
                [!provide]                PROVIDE (__ram_end, __ram_end)

.text           0x00000000      0xc10
                0x00000000                . = ALIGN (0x4)
                0x00000000                __text_start = .
                [!provide]                PROVIDE (__text_start, __text_start)
                0x00000000                . = ALIGN (0x4)
 *(.vectors)
 .vectors       0x00000000       0x20 bmptk_cortex.o
                0x00000000                __vectors
                0x00000020                . = ALIGN (0x4)
 *(.text .text.* .gnu.linkonce.t.*)
 .text._ZN6sam3xa10SystemInitEv
                0x00000020       0x7c irlib.o
                0x00000020                _ZN6sam3xa10SystemInitEv
 .text._ZN3due8pin_infoENS_4pinsE
                0x0000009c       0x20 irlib.o
                0x0000009c                _ZN3due8pin_infoENS_4pinsE
 .text._ZN3due14port_registersEm
                0x000000bc       0x48 irlib.o
                0x000000bc                _ZN3due14port_registersEm
 .text._ZN3due12ticks_per_usEv
                0x00000104        0x6 irlib.o
                0x00000104                _ZN3due12ticks_per_usEv
 *fill*         0x0000010a        0x2 
 .text._ZN3due9now_ticksEv
                0x0000010c       0x74 irlib.o
                0x0000010c                _ZN3due9now_ticksEv
 .text._ZN5hwlib9uart_putcEc
                0x00000180        0x4 irlib.o
                0x00000180                _ZN5hwlib9uart_putcEc
 .text._ZN5hwlib6pin_in7refreshEv
                0x00000184        0x2 hwlib.o
                0x00000184                _ZN5hwlib6pin_in7refreshEv
 .text._ZN5hwlib7pin_out5flushEv
                0x00000186        0x2 hwlib.o
                0x00000186                _ZN5hwlib7pin_out5flushEv
 .text._ZN5hwlib7ostream5flushEv
                0x00000188        0x2 hwlib.o
                0x00000188                _ZN5hwlib7ostream5flushEv
 .text._ZN5hwlib7ostream6fillerEi
                0x0000018a       0x1a hwlib.o
                0x0000018a                _ZN5hwlib7ostream6fillerEi
 .text._ZN5hwliblsERNS_7ostreamEPKc
                0x000001a4       0x54 hwlib.o
                0x000001a4                _ZN5hwliblsERNS_7ostreamEPKc
 .text._ZN5hwlib5panicEPKcj
                0x000001f8        0x2 hwlib.o
                0x000001f8                _ZN5hwlib5panicEPKcj
 *fill*         0x000001fa        0x2 
 .text._ZN3due9uart_initEv
                0x000001fc       0x60 hwlib.o
                0x000001fc                _ZN3due9uart_initEv
 .text._ZN3due9uart_putcEc
                0x0000025c       0x1c hwlib.o
                0x0000025c                _ZN3due9uart_putcEc
 .text._ZN5hwlib20cout_using_uart_putc4putcEc
                0x00000278        0xa hwlib.o
                0x00000278                _ZN5hwlib20cout_using_uart_putc4putcEc
 .text._ZN5hwlib6now_usEv
                0x00000282       0x1c hwlib.o
                0x00000282                _ZN5hwlib6now_usEv
 .text._ZN5hwlib12wait_us_busyEi
                0x0000029e       0x1c hwlib.o
                0x0000029e                _ZN5hwlib12wait_us_busyEi
 .text._ZN5hwlib7wait_usEi
                0x000002ba        0x4 hwlib.o
                0x000002ba                _ZN5hwlib7wait_usEi
 .text._ZN5hwlib7wait_msEi
                0x000002be       0x16 hwlib.o
                0x000002be                _ZN5hwlib7wait_msEi
 .text._ZN3due6pin_in3getEN5hwlib9bufferingE
                0x000002d4       0x10 main.o
                0x000002d4                _ZN3due6pin_in3getEN5hwlib9bufferingE
 .text._ZN3due7pin_out3setEbN5hwlib9bufferingE
                0x000002e4        0xe main.o
                0x000002e4                _ZN3due7pin_out3setEbN5hwlib9bufferingE
 *fill*         0x000002f2        0x2 
 .text._ZN3due8d2_36kHz3setEbN5hwlib9bufferingE
                0x000002f4       0x18 main.o
                0x000002f4                _ZN3due8d2_36kHz3setEbN5hwlib9bufferingE
 .text._ZN5irlib13irlib_recieve3getEN5hwlib9bufferingE
                0x0000030c       0x10 main.o
                0x0000030c                _ZN5irlib13irlib_recieve3getEN5hwlib9bufferingE
 .text._ZN5hwliblsERNS_7ostreamEi
                0x0000031c       0xce main.o
                0x0000031c                _ZN5hwliblsERNS_7ostreamEi
 *fill*         0x000003ea        0x2 
 .text._ZN3due6pin_inC2ENS_4pinsE
                0x000003ec       0x34 main.o
                0x000003ec                _ZN3due6pin_inC2ENS_4pinsE
                0x000003ec                _ZN3due6pin_inC1ENS_4pinsE
 .text._ZN3due7pin_outC2ENS_4pinsE
                0x00000420       0x34 main.o
                0x00000420                _ZN3due7pin_outC2ENS_4pinsE
                0x00000420                _ZN3due7pin_outC1ENS_4pinsE
 .text._ZN3due8d2_36kHzC2Ev
                0x00000454       0x68 main.o
                0x00000454                _ZN3due8d2_36kHzC2Ev
                0x00000454                _ZN3due8d2_36kHzC1Ev
 .text._ZN5irlib13irlib_recieve12catch_lengthERN5hwlib7pin_outE
                0x000004bc       0xe0 main.o
                0x000004bc                _ZN5irlib13irlib_recieve12catch_lengthERN5hwlib7pin_outE
 .text._ZN5irlib13irlib_recieve15listen_for_headEv
                0x0000059c       0xd4 main.o
                0x0000059c                _ZN5irlib13irlib_recieve15listen_for_headEv
 .text._Z11recieve_nowRN5irlib13irlib_recieveERN5hwlib7pin_outES4_i
                0x00000670       0x6c main.o
                0x00000670                _Z11recieve_nowRN5irlib13irlib_recieveERN5hwlib7pin_outES4_i
 .text.startup.main
                0x000006dc       0x70 main.o
                0x000006dc                main
 .text.__startup
                0x0000074c       0x48 bmptk_cortex.o
                0x0000074c                __startup
 .text          0x00000794       0x30 c:/sysgcc/arm-eabi/bin/../lib/gcc/arm-eabi/7.2.0/thumb/cortex_m3\libgcc.a(_aeabi_uldivmod.o)
                0x00000794                __aeabi_uldivmod
 .text          0x000007c4      0x2d0 c:/sysgcc/arm-eabi/bin/../lib/gcc/arm-eabi/7.2.0/thumb/cortex_m3\libgcc.a(_udivmoddi4.o)
                0x000007c4                __udivmoddi4
 .text          0x00000a94        0x4 c:/sysgcc/arm-eabi/bin/../lib/gcc/arm-eabi/7.2.0/thumb/cortex_m3\libgcc.a(_dvmd_tls.o)
                0x00000a94                __aeabi_ldiv0
                0x00000a98                . = ALIGN (0x4)
 *(.glue_7t .glue_7)
 .glue_7        0x00000a98        0x0 linker stubs
 .glue_7t       0x00000a98        0x0 linker stubs
                0x00000a98                . = ALIGN (0x4)
 *(.rodata .rodata.* .gnu.linkonce.r.*)
 .rodata._ZN3due8pin_infoENS_4pinsE.str1.1
                0x00000a98       0x33 irlib.o
 .rodata._ZZN3due8pin_infoENS_4pinsEE14pin_info_array
                0x00000acb       0xa4 irlib.o
 *fill*         0x00000b6f        0x1 
 .rodata._ZTVN5hwlib20cout_using_uart_putcE
                0x00000b70       0x10 hwlib.o
                0x00000b70                _ZTVN5hwlib20cout_using_uart_putcE
 .rodata._ZTVN3due6pin_inE
                0x00000b80       0x10 main.o
                0x00000b80                _ZTVN3due6pin_inE
 .rodata._ZTVN3due7pin_outE
                0x00000b90       0x10 main.o
                0x00000b90                _ZTVN3due7pin_outE
 .rodata._ZTVN3due8d2_36kHzE
                0x00000ba0       0x10 main.o
                0x00000ba0                _ZTVN3due8d2_36kHzE
 .rodata._ZTVN5irlib14irlib_transmitE
                0x00000bb0       0x10 main.o
                0x00000bb0                _ZTVN5irlib14irlib_transmitE
 .rodata._ZTVN5irlib13irlib_recieveE
                0x00000bc0       0x10 main.o
                0x00000bc0                _ZTVN5irlib13irlib_recieveE
 .rodata._Z11recieve_nowRN5irlib13irlib_recieveERN5hwlib7pin_outES4_i.str1.1
                0x00000bd0       0x18 main.o
 .rodata._ZN5irlib13irlib_recieve12catch_lengthERN5hwlib7pin_outE.str1.1
                0x00000be8       0x28 main.o
                0x00000c10                . = ALIGN (0x4)
 *(.ARM.extab* .gnu.linkonce.armextab.*)
                0x00000c10                . = ALIGN (0x4)
 *(.gcc_except_table)
                0x00000c10                . = ALIGN (0x4)
 *(.eh_frame_hdr)
                0x00000c10                . = ALIGN (0x4)
 *(.eh_frame)
                0x00000c10                . = ALIGN (0x4)
                0x00000c10                __text_end = .
                [!provide]                PROVIDE (__text_end, __text_end)

.vfp11_veneer   0x00000c10        0x0
 .vfp11_veneer  0x00000c10        0x0 linker stubs

.v4_bx          0x00000c10        0x0
 .v4_bx         0x00000c10        0x0 linker stubs

.iplt           0x00000c10        0x0
 .iplt          0x00000c10        0x0 irlib.o

.IF_YOU_SEE_THIS_YOU_HAVE_ONE_OR_MORE_GLOBAL_OBJECT_CONSTRUCTORS
 *(.init)
 *(.preinit_array)
 *(SORT(.init_array.*))
 *(.init_array)
                0x00000c10                . = ALIGN (0x4)
                0x00000c10                __exidx_start = .
                [!provide]                PROVIDE (__exidx_start, __exidx_start)

.ARM.exidx      0x00000c10        0x8
 *(.ARM.exidx* .gnu.linkonce.armexidx.*)
 .ARM.exidx     0x00000c10        0x8 c:/sysgcc/arm-eabi/bin/../lib/gcc/arm-eabi/7.2.0/thumb/cortex_m3\libgcc.a(_udivmoddi4.o)

.rel.dyn        0x00000c18        0x0
 .rel.iplt      0x00000c18        0x0 irlib.o
                0x00000c18                . = ALIGN (0x4)
                0x00000c18                __exidx_end = .
                [!provide]                PROVIDE (__exidx_end, __exidx_end)

.bss            0x20000000    0x12010
                0x20000000                . = ALIGN (0x4)
                0x20000000                __stack_start = .
                [!provide]                PROVIDE (__stack_start, __stack_start)
                0x20000000                . = ALIGN (0x4)
 *(.bmptk_stack)
 .bmptk_stack   0x20000000    0x12000 bmptk_fixed_size_stack.o
                0x20000000                bmptk_stack
                0x20012000                . = ALIGN (0x8)
                0x20012000                __main_stack_end = .
                [!provide]                PROVIDE (__main_stack_end, __main_stack_end)
                0x20012000                . = ALIGN (0x4)
                0x20012000                __stack_end = .
                [!provide]                PROVIDE (__stack_end, __stack_end)
                0x20012000                . = ALIGN (0x4)
                0x20012000                __bss_start = .
                [!provide]                PROVIDE (__bss_start, __bss_start)
                0x20012000                . = ALIGN (0x4)
 *(.bss .bss.* .gnu.linkonce.b.*)
 .bss._ZZN3due9now_ticksEvE4high
                0x20012000        0x8 irlib.o
 .bss._ZZN3due9now_ticksEvE8last_low
                0x20012008        0x4 irlib.o
 .bss._ZZN3due9now_ticksEvE9init_done
                0x2001200c        0x1 irlib.o
 .bss._ZZN3due9uart_initEvE9init_done
                0x2001200d        0x1 hwlib.o
                0x20012010                . = ALIGN (0x4)
 *fill*         0x2001200e        0x2 
 *(COMMON)
                0x20012010                . = ALIGN (0x4)
                0x20012010                __bss_end = .
                [!provide]                PROVIDE (__bss_end, __bss_end)

.data           0x20012010       0x1c load address 0x00000c18
                0x20012010                . = ALIGN (0x4)
                0x00000c18                __data_init_start = LOADADDR (.data)
                [!provide]                PROVIDE (__data_init_start, __data_init_start)
                0x20012010                __data_start = .
                [!provide]                PROVIDE (__data_start, __data_start)
                0x20012010                . = ALIGN (0x4)
 *(.data .data.* .gnu.linkonce.d.*)
 .data._ZN6sam3xa15SystemCoreClockE
                0x20012010        0x4 irlib.o
                0x20012010                _ZN6sam3xa15SystemCoreClockE
 .data._ZN3due7hw_uartE
                0x20012014        0x4 hwlib.o
                0x20012014                _ZN3due7hw_uartE
 .data._ZN5hwlib4coutE
                0x20012018       0x14 hwlib.o
                0x20012018                _ZN5hwlib4coutE
                0x2001202c                . = ALIGN (0x4)
                0x2001202c                __data_end = .
                [!provide]                PROVIDE (__data_end, __data_end)
                0x00000c18                __data_init_end = LOADADDR (.data)
                [!provide]                PROVIDE (__data_init_end, __data_init_end)
                0x0000001c                PROVIDE (__data_size, (__data_end - __data_start))
                0x0000001c                PROVIDE (__data_init_size, __data_size)
                [!provide]                PROVIDE (__data_init_end, (__data_init_start + __data_init_size))

.igot.plt       0x2001202c        0x0 load address 0x00000c34
 .igot.plt      0x2001202c        0x0 irlib.o
                0x2001202c                . = ALIGN (0x4)
                0x2001202c                __heap_start = .
                [!provide]                PROVIDE (__heap_start, __heap_start)
                0x2001202c                . = ALIGN (0x4)
                0x20018000                __heap_end = __ram_end
                [!provide]                PROVIDE (__heap_end, __heap_end)

.stab
 *(.stab)

.stabstr
 *(.stabstr)

.debug
 *(.debug)

.line
 *(.line)

.debug_srcinfo
 *(.debug_srcinfo)

.debug_sfnames
 *(.debug_sfnames)

.debug_aranges  0x00000000       0x60
 *(.debug_aranges)
 .debug_aranges
                0x00000000       0x20 c:/sysgcc/arm-eabi/bin/../lib/gcc/arm-eabi/7.2.0/thumb/cortex_m3\libgcc.a(_aeabi_uldivmod.o)
 .debug_aranges
                0x00000020       0x20 c:/sysgcc/arm-eabi/bin/../lib/gcc/arm-eabi/7.2.0/thumb/cortex_m3\libgcc.a(_udivmoddi4.o)
 .debug_aranges
                0x00000040       0x20 c:/sysgcc/arm-eabi/bin/../lib/gcc/arm-eabi/7.2.0/thumb/cortex_m3\libgcc.a(_dvmd_tls.o)

.debug_pubnames
 *(.debug_pubnames)

.debug_info     0x00000000      0xd4b
 *(.debug_info .gnu.linkonce.wi.*)
 .debug_info    0x00000000       0x26 c:/sysgcc/arm-eabi/bin/../lib/gcc/arm-eabi/7.2.0/thumb/cortex_m3\libgcc.a(_aeabi_uldivmod.o)
 .debug_info    0x00000026      0xcff c:/sysgcc/arm-eabi/bin/../lib/gcc/arm-eabi/7.2.0/thumb/cortex_m3\libgcc.a(_udivmoddi4.o)
 .debug_info    0x00000d25       0x26 c:/sysgcc/arm-eabi/bin/../lib/gcc/arm-eabi/7.2.0/thumb/cortex_m3\libgcc.a(_dvmd_tls.o)

.debug_abbrev   0x00000000      0x1c1
 *(.debug_abbrev)
 .debug_abbrev  0x00000000       0x14 c:/sysgcc/arm-eabi/bin/../lib/gcc/arm-eabi/7.2.0/thumb/cortex_m3\libgcc.a(_aeabi_uldivmod.o)
 .debug_abbrev  0x00000014      0x199 c:/sysgcc/arm-eabi/bin/../lib/gcc/arm-eabi/7.2.0/thumb/cortex_m3\libgcc.a(_udivmoddi4.o)
 .debug_abbrev  0x000001ad       0x14 c:/sysgcc/arm-eabi/bin/../lib/gcc/arm-eabi/7.2.0/thumb/cortex_m3\libgcc.a(_dvmd_tls.o)

.debug_line     0x00000000      0x333
 *(.debug_line)
 .debug_line    0x00000000       0x67 c:/sysgcc/arm-eabi/bin/../lib/gcc/arm-eabi/7.2.0/thumb/cortex_m3\libgcc.a(_aeabi_uldivmod.o)
 .debug_line    0x00000067      0x265 c:/sysgcc/arm-eabi/bin/../lib/gcc/arm-eabi/7.2.0/thumb/cortex_m3\libgcc.a(_udivmoddi4.o)
 .debug_line    0x000002cc       0x67 c:/sysgcc/arm-eabi/bin/../lib/gcc/arm-eabi/7.2.0/thumb/cortex_m3\libgcc.a(_dvmd_tls.o)

.debug_frame    0x00000000       0x60
 *(.debug_frame)
 .debug_frame   0x00000000       0x2c c:/sysgcc/arm-eabi/bin/../lib/gcc/arm-eabi/7.2.0/thumb/cortex_m3\libgcc.a(_aeabi_uldivmod.o)
 .debug_frame   0x0000002c       0x34 c:/sysgcc/arm-eabi/bin/../lib/gcc/arm-eabi/7.2.0/thumb/cortex_m3\libgcc.a(_udivmoddi4.o)

.debug_str      0x00000000     0x1412
 *(.debug_str)
 .debug_str     0x00000000       0xb6 c:/sysgcc/arm-eabi/bin/../lib/gcc/arm-eabi/7.2.0/thumb/cortex_m3\libgcc.a(_aeabi_uldivmod.o)
 .debug_str     0x000000b6     0x1325 c:/sysgcc/arm-eabi/bin/../lib/gcc/arm-eabi/7.2.0/thumb/cortex_m3\libgcc.a(_udivmoddi4.o)
                               0x13da (size before relaxing)
 .debug_str     0x000013db       0x37 c:/sysgcc/arm-eabi/bin/../lib/gcc/arm-eabi/7.2.0/thumb/cortex_m3\libgcc.a(_dvmd_tls.o)
                                 0xba (size before relaxing)

.debug_loc      0x00000000      0xe8b
 *(.debug_loc)
 .debug_loc     0x00000000      0xe8b c:/sysgcc/arm-eabi/bin/../lib/gcc/arm-eabi/7.2.0/thumb/cortex_m3\libgcc.a(_udivmoddi4.o)

.comment        0x00000000       0x11
 .comment       0x00000000       0x11 irlib.o
                                 0x12 (size before relaxing)
 .comment       0x00000011       0x12 hwlib.o
 .comment       0x00000011       0x12 main.o
 .comment       0x00000011       0x12 bmptk_cortex.o
 .comment       0x00000011       0x12 bmptk_fixed_size_stack.o
 .comment       0x00000011       0x12 c:/sysgcc/arm-eabi/bin/../lib/gcc/arm-eabi/7.2.0/thumb/cortex_m3\libgcc.a(_udivmoddi4.o)

.debug_macinfo
 *(.debug_macinfo)

.debug_weaknames
 *(.debug_weaknames)

.debug_funcnames
 *(.debug_funcnames)

.debug_typenames
 *(.debug_typenames)

.debug_varnames
 *(.debug_varnames)

.note.gnu.arm.ident
 *(.note.gnu.arm.ident)

.ARM.attributes
                0x00000000       0x33
 *(.ARM.attributes)
 .ARM.attributes
                0x00000000       0x33 irlib.o
 .ARM.attributes
                0x00000033       0x33 hwlib.o
 .ARM.attributes
                0x00000066       0x33 main.o
 .ARM.attributes
                0x00000099       0x33 bmptk_cortex.o
 .ARM.attributes
                0x000000cc       0x33 bmptk_heap_none.o
 .ARM.attributes
                0x000000ff       0x33 bmptk_fixed_size_stack.o
 .ARM.attributes
                0x00000132       0x23 c:/sysgcc/arm-eabi/bin/../lib/gcc/arm-eabi/7.2.0/thumb/cortex_m3\libgcc.a(_aeabi_ldivmod.o)
 .ARM.attributes
                0x00000155       0x23 c:/sysgcc/arm-eabi/bin/../lib/gcc/arm-eabi/7.2.0/thumb/cortex_m3\libgcc.a(_aeabi_uldivmod.o)
 .ARM.attributes
                0x00000178       0x33 c:/sysgcc/arm-eabi/bin/../lib/gcc/arm-eabi/7.2.0/thumb/cortex_m3\libgcc.a(_udivmoddi4.o)
 .ARM.attributes
                0x000001ab       0x23 c:/sysgcc/arm-eabi/bin/../lib/gcc/arm-eabi/7.2.0/thumb/cortex_m3\libgcc.a(_dvmd_tls.o)

/DISCARD/
 *(.note.GNU-stack)
                [!provide]                PROVIDE (__text_size, (__text_end - __text_start))
                [!provide]                PROVIDE (__exidx_size, (__exidx_end - __exidx_start))
                [!provide]                PROVIDE (__bss_size, (__bss_end - __bss_start))
                [!provide]                PROVIDE (__stack_size, (__stack_end - __stack_start))
                [!provide]                PROVIDE (__heap_size, (__heap_end - __heap_start))
OUTPUT(main.elf elf32-littlearm)

.debug_ranges   0x00000000       0xf8
 .debug_ranges  0x00000000       0xf8 c:/sysgcc/arm-eabi/bin/../lib/gcc/arm-eabi/7.2.0/thumb/cortex_m3\libgcc.a(_udivmoddi4.o)
